[설정] fatigue_config.xlsx 로드 (7개 항목)
모델 로드: D:\AI\AI_Seminar\Main bearing\02. 자료\MASTA\26MW_메인베어링_기본설계_v1.3_샤프트 두께,형상 2안_피로하중 반영_260720.Masta
드라이버 LC: Load Case 1 | 베어링: ['Main Bearing_UW', 'Main Bearing_DW']
DLC=DLC1.2-c-s1 | ScaleFactor=45040.0 | 30yr Hours=7505.501011
시계열 6001점(원본 Δt=0.1s) → 샘플 dt=60.0s, N=11점, Σw=600.0s
  [    0] t=-0.00 rpm=5.092 rev=2.54583 | σin=1367MPa s0=10.26 shaftSF=11.417861604905827
  [  600] t=60.00 rpm=4.580 rev=4.57950 | σin=1558MPa s0=7.74 shaftSF=9.253376451620989
  [ 1200] t=120.00 rpm=4.382 rev=4.38215 | σin=1342MPa s0=11.16 shaftSF=13.216288515696808
  [ 1800] t=180.00 rpm=4.289 rev=4.28927 | σin=1486MPa s0=8.97 shaftSF=11.423416173453544
  [ 2400] t=240.00 rpm=5.036 rev=5.03569 | σin=1679MPa s0=6.10 shaftSF=6.588520066411394
  [ 3000] t=300.00 rpm=5.245 rev=5.24514 | σin=1630MPa s0=6.51 shaftSF=7.070398385024129
  [ 3600] t=360.00 rpm=5.470 rev=5.47014 | σin=1527MPa s0=7.65 shaftSF=8.049646862632201
  [ 4200] t=420.00 rpm=4.854 rev=4.85368 | σin=1567MPa s0=7.55 shaftSF=8.672470003637299
  [ 4800] t=480.00 rpm=4.282 rev=4.28177 | σin=1454MPa s0=9.36 shaftSF=11.788901936336172
  [ 5400] t=540.00 rpm=4.169 rev=4.16866 | σin=1529MPa s0=8.39 shaftSF=10.46774182053695
  [ 6000] t=600.00 rpm=5.145 rev=2.57230 | σin=1503MPa s0=8.05 shaftSF=8.615978939103895

데이터 저장: D:\AI\AI_Seminar\Main bearing\01. 정리\Python 자동화\fatigue_DLC1.2-c-s1_dt60.csv  (신규 11점 × 2베어링)
요약 저장: D:\AI\AI_Seminar\Main bearing\01. 정리\Python 자동화\fatigue_DLC1.2-c-s1_dt60_summary.csv  (min shaft SF=6.588520066411394)
엑셀 생성: D:\AI\AI_Seminar\Main bearing\01. 정리\Python 자동화\fatigue_DLC1.2-c-s1_dt60.xlsx
XXX appending C:\Program Files\SMT\MASTA 14.1.1\hasp_windows_x64_59008.dll
