[설정] fatigue_config.xlsx 로드 (8개 항목)
[대상] 상위 25: ['DLC1.2-d-s1', 'DLC1.2-d-s5', 'DLC1.2-d-s2', 'DLC1.2-d-s3', 'DLC1.2-d-s6'] …
[모델] 로드 완료
[자체검증] 단일 vs 배치 상대오차 0.00e+00 ✅

===== DLC1.2-d-s1 (dt=20, k=0.26, 6001점) =====
[참값] D30_UW=0.235 수명 UW=127.8 (22분)
  [시도0] dt=20 k=0.26 εUW=+2.69 εSys=+1.19 εDW=-4.91 ✅

===== DLC1.2-d-s5 (dt=20, k=0.27, 6001점) =====
[참값] D30_UW=0.231 수명 UW=129.7 (22분)
  [시도0] dt=20 k=0.27 εUW=+2.76 εSys=+1.34 εDW=-4.37 ✅

===== DLC1.2-d-s2 (dt=20, k=0.25, 6001점) =====
[참값] D30_UW=0.213 수명 UW=141.0 (22분)
  [시도0] dt=20 k=0.25 εUW=+2.31 εSys=+0.92 εDW=-6.04 ✅

===== DLC1.2-d-s3 (dt=20, k=0.24, 6001점) =====
[참값] D30_UW=0.209 수명 UW=143.6 (22분)
  [시도0] dt=20 k=0.24 εUW=+2.03 εSys=+0.91 εDW=-4.31 ✅

===== DLC1.2-d-s6 (dt=20, k=0.26, 6001점) =====
[참값] D30_UW=0.209 수명 UW=143.4 (21분)
  [시도0] dt=20 k=0.26 εUW=+2.64 εSys=+1.22 εDW=-5.38 ✅

===== DLC1.2-d-s4 (dt=20, k=0.26, 6001점) =====
[참값] D30_UW=0.207 수명 UW=144.7 (22분)
  [시도0] dt=20 k=0.26 εUW=+2.79 εSys=+1.37 εDW=-5.07 ✅

===== DLC1.2-e-s1 (dt=20, k=0.29, 6001점) =====
[참값] D30_UW=0.173 수명 UW=173.4 (21분)
  [시도0] dt=20 k=0.29 εUW=+2.29 εSys=+0.14 εDW=-8.57 ✅

===== DLC1.2-e-s2 (dt=20, k=0.31, 6001점) =====
[참값] D30_UW=0.172 수명 UW=174.9 (22분)
  [시도0] dt=20 k=0.31 εUW=+2.89 εSys=+0.78 εDW=-7.70 ✅

===== DLC1.2-c-s6 (dt=20, k=0.25, 6001점) =====
[참값] D30_UW=0.189 수명 UW=158.5 (19분)
  [시도0] dt=20 k=0.25 εUW=+2.13 εSys=+1.23 εDW=-4.35 ✅

===== DLC1.2-e-s5 (dt=20, k=0.27, 6001점) =====
[참값] D30_UW=0.160 수명 UW=187.1 (22분)
  [시도0] dt=20 k=0.27 εUW=+2.52 εSys=+1.12 εDW=-4.27 ✅

===== DLC1.2-e-s4 (dt=20, k=0.3, 6001점) =====
[참값] D30_UW=0.154 수명 UW=194.5 (22분)
  [시도0] dt=20 k=0.3 εUW=+2.24 εSys=-0.33 εDW=-10.78 ❌
  [시도1] dt=20 k=0.32 εUW=+4.02 εSys=+1.59 εDW=-8.27 ❌
  [시도2] dt=20 k=0.29 εUW=+1.36 εSys=-1.28 εDW=-12.02 ❌
  [시도3] dt=20 k=0.32 εUW=+4.02 εSys=+1.59 εDW=-8.27 ❌
  [시도4] dt=10 k=0.3 εUW=+2.98 εSys=+0.92 εDW=-7.48 ✅

===== DLC1.2-e-s6 (dt=20, k=0.3, 6001점) =====
[참값] D30_UW=0.156 수명 UW=191.8 (22분)
  [시도0] dt=20 k=0.3 εUW=+3.08 εSys=+1.35 εDW=-6.33 ❌
  [시도1] dt=20 k=0.28 εUW=+1.45 εSys=-0.40 εDW=-8.63 ❌
  [시도2] dt=20 k=0.3 εUW=+3.08 εSys=+1.35 εDW=-6.33 ❌
  [시도3] dt=20 k=0.28 εUW=+1.45 εSys=-0.40 εDW=-8.63 ❌
  [시도4] dt=10 k=0.28 εUW=+2.92 εSys=+1.41 εDW=-5.33 ✅

===== DLC1.2-c-s5 (dt=20, k=0.25, 6001점) =====
[참값] D30_UW=0.175 수명 UW=171.3 (19분)
  [시도0] dt=20 k=0.25 εUW=+2.68 εSys=+1.84 εDW=-4.04 ✅

===== DLC1.2-c-s2 (dt=20, k=0.26, 6001점) =====
[참값] D30_UW=0.178 수명 UW=169.0 (19분)
  [시도0] dt=20 k=0.26 εUW=+2.44 εSys=+1.51 εDW=-5.45 ✅

===== DLC1.2-c-s1 (dt=20, k=0.24, 6001점) =====
[참값] D30_UW=0.175 수명 UW=171.3 (19분)
  [시도0] dt=20 k=0.24 εUW=+2.55 εSys=+1.92 εDW=-2.70 ✅

===== DLC1.2-c-s4 (dt=20, k=0.27, 6001점) =====
[참값] D30_UW=0.169 수명 UW=177.0 (19분)
  [시도0] dt=20 k=0.27 εUW=+2.75 εSys=+1.97 εDW=-4.13 ✅

===== DLC1.2-c-s3 (dt=20, k=0.25, 6001점) =====
[참값] D30_UW=0.165 수명 UW=181.9 (19분)
  [시도0] dt=20 k=0.25 εUW=+2.58 εSys=+1.76 εDW=-5.37 ✅

===== DLC1.2-a-s5 (dt=20, k=0.2, 6001점) =====
[참값] D30_UW=0.221 수명 UW=135.5 (21분)
  [시도0] dt=20 k=0.2 εUW=+1.95 εSys=+1.81 εDW=-0.74 ✅

===== DLC1.2-b-s5 (dt=20, k=0.22, 6001점) =====
[참값] D30_UW=0.202 수명 UW=148.4 (18분)
  [시도0] dt=20 k=0.22 εUW=+2.58 εSys=+2.25 εDW=-3.65 ✅

===== DLC1.2-a-s4 (dt=20, k=0.18, 6001점) =====
[참값] D30_UW=0.214 수명 UW=140.2 (21분)
  [시도0] dt=20 k=0.18 εUW=+1.80 εSys=+1.70 εDW=-0.39 ✅

===== DLC1.2-e-s3 (dt=20, k=0.29, 6001점) =====
[참값] D30_UW=0.133 수명 UW=224.9 (22분)
  [시도0] dt=20 k=0.29 εUW=+3.39 εSys=+1.61 εDW=-7.10 ❌
  [시도1] dt=20 k=0.27 εUW=+1.88 εSys=-0.00 εDW=-9.27 ❌
  [시도2] dt=20 k=0.29 εUW=+3.39 εSys=+1.61 εDW=-7.10 ❌
  [시도3] dt=20 k=0.27 εUW=+1.88 εSys=-0.00 εDW=-9.27 ❌
  [시도4] dt=10 k=0.27 εUW=+2.77 εSys=+1.36 εDW=-5.59 ✅

===== DLC1.2-a-s3 (dt=20, k=0.18, 6001점) =====
[참값] D30_UW=0.210 수명 UW=142.7 (21분)
  [시도0] dt=20 k=0.18 εUW=+1.91 εSys=+1.80 εDW=-0.48 ✅

===== DLC1.2-a-s6 (dt=20, k=0.2, 6001점) =====
[참값] D30_UW=0.210 수명 UW=142.7 (21분)
  [시도0] dt=20 k=0.2 εUW=+2.12 εSys=+1.98 εDW=-0.74 ✅

===== DLC1.2-b-s1 (dt=20, k=0.23, 6001점) =====
[참값] D30_UW=0.197 수명 UW=152.3 (18분)
  [시도0] dt=20 k=0.23 εUW=+2.95 εSys=+2.57 εDW=-4.87 ✅

===== DLC1.2-a-s2 (dt=20, k=0.18, 6001점) =====
[참값] D30_UW=0.208 수명 UW=144.5 (21분)
  [시도0] dt=20 k=0.18 εUW=+1.84 εSys=+1.72 εDW=-0.74 ✅

[부분합] ΣD30_UW=4.767 → UW 6.29 yr · Sys 5.55 yr
완료
XXX appending C:\Program Files\SMT\MASTA 14.1.1\hasp_windows_x64_59008.dll
